// Vitest Snapshot v1, https://vitest.dev/guide/snapshot.html

exports[`real content > keeps counts stable (review any change before accepting the snapshot) 1`] = `
{
  "collections": {
    "summary": [
      {
        "chapter": "00",
        "examples": 0,
        "figures": 0,
        "file": "summary/00.json",
        "nodes": 35,
        "slug": "formula-sheet-ch1-5",
        "title": "สรุปสูตรรวม บทที่ 1–5 (1322201 การออกแบบดิจิทัลลอจิก)",
      },
      {
        "chapter": "01",
        "examples": 14,
        "figures": 0,
        "file": "summary/01.json",
        "nodes": 22,
        "slug": "number-systems-and-codes",
        "title": "สรุปบทที่ 1 ระบบเลขฐานและรหัส (Number Systems and Codes)",
      },
      {
        "chapter": "02",
        "examples": 15,
        "figures": 15,
        "file": "summary/02.json",
        "nodes": 36,
        "slug": "digital-ic-and-logic-gates",
        "title": "สรุปบทที่ 2 ไอซีและลอจิกเกต (Digital IC and Logic Gates)",
      },
      {
        "chapter": "03",
        "examples": 5,
        "figures": 1,
        "file": "summary/03.json",
        "nodes": 10,
        "slug": "boolean-algebra",
        "title": "สรุปบทที่ 3 พีชคณิตบูลีน (Boolean Algebra)",
      },
      {
        "chapter": "04",
        "examples": 8,
        "figures": 8,
        "file": "summary/04.json",
        "nodes": 13,
        "slug": "karnaugh-map",
        "title": "สรุปบทที่ 4 แผนผังคาร์โนห์ (Karnaugh Map)",
      },
      {
        "chapter": "05",
        "examples": 7,
        "figures": 15,
        "file": "summary/05.json",
        "nodes": 7,
        "slug": "combination-circuit",
        "title": "สรุปบทที่ 5 วงจรคอมไบเนชัน (Combination Circuit)",
      },
    ],
    "worked-solutions": [
      {
        "chapter": "01",
        "examples": 44,
        "figures": 0,
        "file": "worked-solutions/01.json",
        "nodes": 58,
        "slug": "number-systems-and-codes",
        "title": "บทที่ 1 ระบบเลขฐานและรหัส (Number Systems and Codes)",
      },
      {
        "chapter": "02",
        "examples": 25,
        "figures": 13,
        "file": "worked-solutions/02.json",
        "nodes": 36,
        "slug": "digital-ic-and-logic-gates",
        "title": "บทที่ 2 ไอซีและลอจิกเกต (Digital IC and Logic Gates)",
      },
      {
        "chapter": "03",
        "examples": 11,
        "figures": 6,
        "file": "worked-solutions/03.json",
        "nodes": 23,
        "slug": "boolean-algebra",
        "title": "บทที่ 3 พีชคณิตบูลีน (Boolean Algebra)",
      },
      {
        "chapter": "04",
        "examples": 35,
        "figures": 40,
        "file": "worked-solutions/04.json",
        "nodes": 43,
        "slug": "karnaugh-map",
        "title": "บทที่ 4 แผนผังคาร์โนห์ (Karnaugh Map)",
      },
      {
        "chapter": "05",
        "examples": 13,
        "figures": 23,
        "file": "worked-solutions/05.json",
        "nodes": 18,
        "slug": "combination-circuit",
        "title": "บทที่ 5 วงจรคอมไบเนชัน (Combination Circuit)",
      },
      {
        "chapter": "06",
        "examples": 17,
        "figures": 10,
        "file": "worked-solutions/06.json",
        "nodes": 20,
        "slug": "midterm-practice-exam",
        "title": "แนวข้อสอบกลางภาค (Midterm Practice Exam)",
      },
    ],
  },
}
`;
