// Vitest Snapshot v1, https://vitest.dev/guide/snapshot.html

exports[`qrMatrix > matches the matrix that a real QR reader decoded as the site link 1`] = `
[
  "#######....#...##..###.#..#######",
  "#.....#..##.#..##.#.##....#.....#",
  "#.###.#.#...#.#.#....###..#.###.#",
  "#.###.#.#.###.....##.#..#.#.###.#",
  "#.###.#.##.#..###...###...#.###.#",
  "#.....#.###...#....#.#.##.#.....#",
  "#######.#.#.#.#.#.#.#.#.#.#######",
  "........##..#...#.######.........",
  "#.#####...##.##..#.#..##..#####..",
  ".####..#....##...####.##..##.####",
  "...#.#######.#####..#.#..##.#.##.",
  ".#.###...#.#.#..#####...###.####.",
  "#.#.###..#.#..#.#...###.##.###..#",
  "#.......#####..#.##..#..#.#..####",
  "########.#.######.#.###..###..##.",
  ".#.#.#...#.##..#..#..#.#.##.###..",
  "##..###..#.#...#.#....####.##...#",
  "###.....##..#...#..###.#..##.##.#",
  "##.####.##...#.##.#..#..##.##.##.",
  "###....##...##.#...#####.########",
  "#..####.#.....#...##.#.###.#.#.#.",
  "#...##..#..#..###...#.###.#...#.#",
  "#..#.##.##....#....#......#.####.",
  "#..###..##..###.#..########.#####",
  "#..#.##.###......#.#..#.#####...#",
  "........#.#.....####....#...#.#.#",
  "#######...##.###.#..#.###.#.#.##.",
  "#.....#.#..#.##.###....##...####.",
  "#.###.#.######..#...###.######..#",
  "#.###.#.##..#..#..#....###..##..#",
  "#.###.#.###.#######.##..#.##..#..",
  "#.....#.....##.#..#..#....#.###..",
  "#######.#..#...#.##...####.#.###.",
]
`;
